<?xml version="1.0" encoding="UTF-8"?>
<TestRun id="f1f4b878-354d-4272-8df9-d59178937ab0" name="mohsin@GT026 2014-01-27 17:34:21" runUser="GENIE\mohsin" xmlns="http://microsoft.com/schemas/VisualStudio/TeamTest/2010">
  <TestSettings name="Default Test Settings" id="758464c5-977c-4206-a575-b07dc79a82a0">
    <Deployment runDeploymentRoot="mohsin_GT026 2014-01-27 17_34_21">
      <DeploymentItem filename="c:\users\mohsin\documents\visual studio 2010\Projects\OdeoFoodMVC4\packages\Microsoft.AspNet.Mvc.4.0.20710.0\lib\net40\System.Web.Mvc.dll" />
      <DeploymentItem filename="c:\users\mohsin\documents\visual studio 2010\Projects\OdeoFoodMVC4\packages\Microsoft.Web.Infrastructure.1.0.0.0\lib\net40\Microsoft.Web.Infrastructure.dll" />
      <DeploymentItem filename="c:\users\mohsin\documents\visual studio 2010\Projects\OdeoFoodMVC4\packages\Microsoft.AspNet.Razor.2.0.20710.0\lib\net40\System.Web.Razor.dll" />
      <DeploymentItem filename="c:\users\mohsin\documents\visual studio 2010\Projects\OdeoFoodMVC4\packages\Microsoft.AspNet.WebPages.2.0.20710.0\lib\net40\System.Web.WebPages.dll" />
      <DeploymentItem filename="c:\users\mohsin\documents\visual studio 2010\Projects\OdeoFoodMVC4\packages\Microsoft.AspNet.WebPages.2.0.20710.0\lib\net40\System.Web.WebPages.Razor.dll" />
      <DeploymentItem filename="c:\users\mohsin\documents\visual studio 2010\Projects\OdeoFoodMVC4\OdeoFoodMVC4\bin\OdeoFoodMVC4.dll" />
      <DeploymentItem filename="c:\users\mohsin\documents\visual studio 2010\Projects\OdeoFoodMVC4\packages\Microsoft.Net.Http.2.0.20710.0\lib\net40\System.Net.Http.WebRequest.dll" />
      <DeploymentItem filename="c:\users\mohsin\documents\visual studio 2010\Projects\OdeoFoodMVC4\packages\Microsoft.Net.Http.2.0.20710.0\lib\net40\System.Net.Http.dll" />
      <DeploymentItem filename="c:\users\mohsin\documents\visual studio 2010\Projects\OdeoFoodMVC4\packages\Microsoft.AspNet.WebApi.Core.4.0.20710.0\lib\net40\System.Web.Http.dll" />
      <DeploymentItem filename="c:\users\mohsin\documents\visual studio 2010\Projects\OdeoFoodMVC4\packages\Microsoft.AspNet.WebApi.Client.4.0.20710.0\lib\net40\System.Net.Http.Formatting.dll" />
      <DeploymentItem filename="c:\users\mohsin\documents\visual studio 2010\Projects\OdeoFoodMVC4\packages\Microsoft.AspNet.WebPages.2.0.20710.0\lib\net40\System.Web.WebPages.Deployment.dll" />
      <DeploymentItem filename="c:\users\mohsin\documents\visual studio 2010\Projects\OdeoFoodMVC4\packages\Microsoft.AspNet.WebPages.2.0.20710.0\lib\net40\System.Web.Helpers.dll" />
      <DeploymentItem filename="c:\users\mohsin\documents\visual studio 2010\Projects\OdeoFoodMVC4\packages\Microsoft.AspNet.WebApi.WebHost.4.0.20710.0\lib\net40\System.Web.Http.WebHost.dll" />
      <DeploymentItem filename="c:\users\mohsin\documents\visual studio 2010\Projects\OdeoFoodMVC4\packages\Newtonsoft.Json.4.5.6\lib\net40\Newtonsoft.Json.dll" />
    </Deployment>
    <Execution>
      <TestTypeSpecific />
      <AgentRule name="Execution Agents">
      </AgentRule>
    </Execution>
  </TestSettings>
  <Times creation="2014-01-27T17:34:21.0457090+05:00" queuing="2014-01-27T17:34:21.6901730+05:00" start="2014-01-27T17:34:21.6951768+05:00" finish="2014-01-27T17:34:22.0154015+05:00" />
  <ResultSummary outcome="Warning">
    <Counters total="3" executed="3" passed="3" error="0" failed="0" timeout="0" aborted="0" inconclusive="0" passedButRunAborted="0" notRunnable="0" notExecuted="0" disconnected="0" warning="0" completed="0" inProgress="0" pending="0" />
    <RunInfos>
      <RunInfo computerName="GT026" outcome="Warning" timestamp="2014-01-27T17:34:21.6901730+05:00">
        <Text>Warning: Test Run deployment issue: The assembly or module 'log4net' directly or indirectly referenced by the test container 'c:\users\mohsin\documents\visual studio 2010\projects\odeofoodmvc4\odeofoodmvc4.tests\bin\debug\odeofoodmvc4.tests.dll' was not found.</Text>
      </RunInfo>
      <RunInfo computerName="GT026" outcome="Warning" timestamp="2014-01-27T17:34:21.6901730+05:00">
        <Text>Warning: Test Run deployment issue: The assembly or module 'Org.Mentalis.Security.Cryptography' directly or indirectly referenced by the test container 'c:\users\mohsin\documents\visual studio 2010\projects\odeofoodmvc4\odeofoodmvc4.tests\bin\debug\odeofoodmvc4.tests.dll' was not found.</Text>
      </RunInfo>
    </RunInfos>
  </ResultSummary>
  <TestDefinitions>
    <UnitTest name="About" storage="c:\users\mohsin\documents\visual studio 2010\projects\odeofoodmvc4\odeofoodmvc4.tests\bin\debug\odeofoodmvc4.tests.dll" id="421b99d9-2690-c16b-f48c-94384a4d65a1">
      <Execution id="4dfc8a99-4fe0-4fc5-abd8-581c14951f1a" />
      <TestMethod codeBase="c:/users/mohsin/documents/visual studio 2010/Projects/OdeoFoodMVC4/OdeoFoodMVC4.Tests/bin/Debug/OdeoFoodMVC4.Tests.DLL" adapterTypeName="Microsoft.VisualStudio.TestTools.TestTypes.Unit.UnitTestAdapter, Microsoft.VisualStudio.QualityTools.Tips.UnitTest.Adapter, Version=10.0.0.0, Culture=neutral, PublicKeyToken=b03f5f7f11d50a3a" className="OdeoFoodMVC4.Tests.Controllers.HomeControllerTest, OdeoFoodMVC4.Tests, Version=1.0.0.0, Culture=neutral, PublicKeyToken=null" name="About" />
    </UnitTest>
    <UnitTest name="Index" storage="c:\users\mohsin\documents\visual studio 2010\projects\odeofoodmvc4\odeofoodmvc4.tests\bin\debug\odeofoodmvc4.tests.dll" id="d0d1dc82-d954-cec0-8db4-cdf62bf5705e">
      <Execution id="f75f823e-b065-464e-bf18-71b2e6c45ead" />
      <TestMethod codeBase="c:/users/mohsin/documents/visual studio 2010/Projects/OdeoFoodMVC4/OdeoFoodMVC4.Tests/bin/Debug/OdeoFoodMVC4.Tests.DLL" adapterTypeName="Microsoft.VisualStudio.TestTools.TestTypes.Unit.UnitTestAdapter, Microsoft.VisualStudio.QualityTools.Tips.UnitTest.Adapter, Version=10.0.0.0, Culture=neutral, PublicKeyToken=b03f5f7f11d50a3a" className="OdeoFoodMVC4.Tests.Controllers.HomeControllerTest, OdeoFoodMVC4.Tests, Version=1.0.0.0, Culture=neutral, PublicKeyToken=null" name="Index" />
    </UnitTest>
    <UnitTest name="Contact" storage="c:\users\mohsin\documents\visual studio 2010\projects\odeofoodmvc4\odeofoodmvc4.tests\bin\debug\odeofoodmvc4.tests.dll" id="8e8b1a07-f44e-ab82-a536-56cf19f211cd">
      <Execution id="1b00e3c2-d973-43ef-85a7-ab81b8d145f1" />
      <TestMethod codeBase="c:/users/mohsin/documents/visual studio 2010/Projects/OdeoFoodMVC4/OdeoFoodMVC4.Tests/bin/Debug/OdeoFoodMVC4.Tests.DLL" adapterTypeName="Microsoft.VisualStudio.TestTools.TestTypes.Unit.UnitTestAdapter, Microsoft.VisualStudio.QualityTools.Tips.UnitTest.Adapter, Version=10.0.0.0, Culture=neutral, PublicKeyToken=b03f5f7f11d50a3a" className="OdeoFoodMVC4.Tests.Controllers.HomeControllerTest, OdeoFoodMVC4.Tests, Version=1.0.0.0, Culture=neutral, PublicKeyToken=null" name="Contact" />
    </UnitTest>
  </TestDefinitions>
  <TestLists>
    <TestList name="Results Not in a List" id="8c84fa94-04c1-424b-9868-57a2d4851a1d" />
    <TestList name="All Loaded Results" id="19431567-8539-422a-85d7-44ee4e166bda" />
  </TestLists>
  <TestEntries>
    <TestEntry testId="421b99d9-2690-c16b-f48c-94384a4d65a1" executionId="4dfc8a99-4fe0-4fc5-abd8-581c14951f1a" testListId="8c84fa94-04c1-424b-9868-57a2d4851a1d" />
    <TestEntry testId="8e8b1a07-f44e-ab82-a536-56cf19f211cd" executionId="1b00e3c2-d973-43ef-85a7-ab81b8d145f1" testListId="8c84fa94-04c1-424b-9868-57a2d4851a1d" />
    <TestEntry testId="d0d1dc82-d954-cec0-8db4-cdf62bf5705e" executionId="f75f823e-b065-464e-bf18-71b2e6c45ead" testListId="8c84fa94-04c1-424b-9868-57a2d4851a1d" />
  </TestEntries>
  <Results>
    <UnitTestResult executionId="4dfc8a99-4fe0-4fc5-abd8-581c14951f1a" testId="421b99d9-2690-c16b-f48c-94384a4d65a1" testName="About" computerName="GT026" duration="00:00:00.1633710" startTime="2014-01-27T17:34:21.6961778+05:00" endTime="2014-01-27T17:34:21.9913853+05:00" testType="13cdc9d9-ddb5-4fa4-a97d-d965ccfc6d4b" outcome="Passed" testListId="8c84fa94-04c1-424b-9868-57a2d4851a1d" relativeResultsDirectory="4dfc8a99-4fe0-4fc5-abd8-581c14951f1a">
    </UnitTestResult>
    <UnitTestResult executionId="1b00e3c2-d973-43ef-85a7-ab81b8d145f1" testId="8e8b1a07-f44e-ab82-a536-56cf19f211cd" testName="Contact" computerName="GT026" duration="00:00:00.0044032" startTime="2014-01-27T17:34:21.9923857+05:00" endTime="2014-01-27T17:34:21.9983899+05:00" testType="13cdc9d9-ddb5-4fa4-a97d-d965ccfc6d4b" outcome="Passed" testListId="8c84fa94-04c1-424b-9868-57a2d4851a1d" relativeResultsDirectory="1b00e3c2-d973-43ef-85a7-ab81b8d145f1">
    </UnitTestResult>
    <UnitTestResult executionId="f75f823e-b065-464e-bf18-71b2e6c45ead" testId="d0d1dc82-d954-cec0-8db4-cdf62bf5705e" testName="Index" computerName="GT026" duration="00:00:00.0064565" startTime="2014-01-27T17:34:21.9993936+05:00" endTime="2014-01-27T17:34:22.0063955+05:00" testType="13cdc9d9-ddb5-4fa4-a97d-d965ccfc6d4b" outcome="Passed" testListId="8c84fa94-04c1-424b-9868-57a2d4851a1d" relativeResultsDirectory="f75f823e-b065-464e-bf18-71b2e6c45ead">
    </UnitTestResult>
  </Results>
</TestRun>